Archive member included to satisfy reference by file (symbol)

C:/ST/STM32CubeIDE_1.15.1/STM32CubeIDE/plugins/com.st.stm32cube.ide.mcu.externaltools.gnu-tools-for-stm32.12.3.rel1.win32_1.0.100.202403111256/tools/bin/../lib/gcc/arm-none-eabi/12.3.1/../../../../arm-none-eabi/lib/thumb/v6-m/nofp\libc_nano.a(libc_a-exit.o)
                              C:/ST/STM32CubeIDE_1.15.1/STM32CubeIDE/plugins/com.st.stm32cube.ide.mcu.externaltools.gnu-tools-for-stm32.12.3.rel1.win32_1.0.100.202403111256/tools/bin/../lib/gcc/arm-none-eabi/12.3.1/../../../../arm-none-eabi/lib/thumb/v6-m/nofp/crt0.o (exit)
C:/ST/STM32CubeIDE_1.15.1/STM32CubeIDE/plugins/com.st.stm32cube.ide.mcu.externaltools.gnu-tools-for-stm32.12.3.rel1.win32_1.0.100.202403111256/tools/bin/../lib/gcc/arm-none-eabi/12.3.1/../../../../arm-none-eabi/lib/thumb/v6-m/nofp\libc_nano.a(libc_a-findfp.o)
                              C:/ST/STM32CubeIDE_1.15.1/STM32CubeIDE/plugins/com.st.stm32cube.ide.mcu.externaltools.gnu-tools-for-stm32.12.3.rel1.win32_1.0.100.202403111256/tools/bin/../lib/gcc/arm-none-eabi/12.3.1/../../../../arm-none-eabi/lib/thumb/v6-m/nofp\libc_nano.a(libc_a-exit.o) (__stdio_exit_handler)
C:/ST/STM32CubeIDE_1.15.1/STM32CubeIDE/plugins/com.st.stm32cube.ide.mcu.externaltools.gnu-tools-for-stm32.12.3.rel1.win32_1.0.100.202403111256/tools/bin/../lib/gcc/arm-none-eabi/12.3.1/../../../../arm-none-eabi/lib/thumb/v6-m/nofp\libc_nano.a(libc_a-fwalk.o)
                              C:/ST/STM32CubeIDE_1.15.1/STM32CubeIDE/plugins/com.st.stm32cube.ide.mcu.externaltools.gnu-tools-for-stm32.12.3.rel1.win32_1.0.100.202403111256/tools/bin/../lib/gcc/arm-none-eabi/12.3.1/../../../../arm-none-eabi/lib/thumb/v6-m/nofp\libc_nano.a(libc_a-findfp.o) (_fwalk_sglue)
C:/ST/STM32CubeIDE_1.15.1/STM32CubeIDE/plugins/com.st.stm32cube.ide.mcu.externaltools.gnu-tools-for-stm32.12.3.rel1.win32_1.0.100.202403111256/tools/bin/../lib/gcc/arm-none-eabi/12.3.1/../../../../arm-none-eabi/lib/thumb/v6-m/nofp\libc_nano.a(libc_a-stdio.o)
                              C:/ST/STM32CubeIDE_1.15.1/STM32CubeIDE/plugins/com.st.stm32cube.ide.mcu.externaltools.gnu-tools-for-stm32.12.3.rel1.win32_1.0.100.202403111256/tools/bin/../lib/gcc/arm-none-eabi/12.3.1/../../../../arm-none-eabi/lib/thumb/v6-m/nofp\libc_nano.a(libc_a-findfp.o) (__sread)
C:/ST/STM32CubeIDE_1.15.1/STM32CubeIDE/plugins/com.st.stm32cube.ide.mcu.externaltools.gnu-tools-for-stm32.12.3.rel1.win32_1.0.100.202403111256/tools/bin/../lib/gcc/arm-none-eabi/12.3.1/../../../../arm-none-eabi/lib/thumb/v6-m/nofp\libc_nano.a(libc_a-memset.o)
                              C:/ST/STM32CubeIDE_1.15.1/STM32CubeIDE/plugins/com.st.stm32cube.ide.mcu.externaltools.gnu-tools-for-stm32.12.3.rel1.win32_1.0.100.202403111256/tools/bin/../lib/gcc/arm-none-eabi/12.3.1/../../../../arm-none-eabi/lib/thumb/v6-m/nofp/crt0.o (memset)
C:/ST/STM32CubeIDE_1.15.1/STM32CubeIDE/plugins/com.st.stm32cube.ide.mcu.externaltools.gnu-tools-for-stm32.12.3.rel1.win32_1.0.100.202403111256/tools/bin/../lib/gcc/arm-none-eabi/12.3.1/../../../../arm-none-eabi/lib/thumb/v6-m/nofp\libc_nano.a(libc_a-closer.o)
                              C:/ST/STM32CubeIDE_1.15.1/STM32CubeIDE/plugins/com.st.stm32cube.ide.mcu.externaltools.gnu-tools-for-stm32.12.3.rel1.win32_1.0.100.202403111256/tools/bin/../lib/gcc/arm-none-eabi/12.3.1/../../../../arm-none-eabi/lib/thumb/v6-m/nofp\libc_nano.a(libc_a-stdio.o) (_close_r)
C:/ST/STM32CubeIDE_1.15.1/STM32CubeIDE/plugins/com.st.stm32cube.ide.mcu.externaltools.gnu-tools-for-stm32.12.3.rel1.win32_1.0.100.202403111256/tools/bin/../lib/gcc/arm-none-eabi/12.3.1/../../../../arm-none-eabi/lib/thumb/v6-m/nofp\libc_nano.a(libc_a-reent.o)
                              C:/ST/STM32CubeIDE_1.15.1/STM32CubeIDE/plugins/com.st.stm32cube.ide.mcu.externaltools.gnu-tools-for-stm32.12.3.rel1.win32_1.0.100.202403111256/tools/bin/../lib/gcc/arm-none-eabi/12.3.1/../../../../arm-none-eabi/lib/thumb/v6-m/nofp\libc_nano.a(libc_a-closer.o) (errno)
C:/ST/STM32CubeIDE_1.15.1/STM32CubeIDE/plugins/com.st.stm32cube.ide.mcu.externaltools.gnu-tools-for-stm32.12.3.rel1.win32_1.0.100.202403111256/tools/bin/../lib/gcc/arm-none-eabi/12.3.1/../../../../arm-none-eabi/lib/thumb/v6-m/nofp\libc_nano.a(libc_a-impure.o)
                              C:/ST/STM32CubeIDE_1.15.1/STM32CubeIDE/plugins/com.st.stm32cube.ide.mcu.externaltools.gnu-tools-for-stm32.12.3.rel1.win32_1.0.100.202403111256/tools/bin/../lib/gcc/arm-none-eabi/12.3.1/../../../../arm-none-eabi/lib/thumb/v6-m/nofp\libc_nano.a(libc_a-reent.o) (_impure_ptr)
C:/ST/STM32CubeIDE_1.15.1/STM32CubeIDE/plugins/com.st.stm32cube.ide.mcu.externaltools.gnu-tools-for-stm32.12.3.rel1.win32_1.0.100.202403111256/tools/bin/../lib/gcc/arm-none-eabi/12.3.1/../../../../arm-none-eabi/lib/thumb/v6-m/nofp\libc_nano.a(libc_a-lseekr.o)
[...]
Memory Configuration

Name             Origin             Length             Attributes
RAM              0x20000000         0x00004000         xrw
FLASH            0x08000000         0x00020000         xr
*default*        0x00000000         0xffffffff

Linker script and memory map

LOAD C:/ST/STM32CubeIDE_1.15.1/STM32CubeIDE/plugins/com.st.stm32cube.ide.mcu.externaltools.gnu-tools-for-stm32.12.3.rel1.win32_1.0.100.202403111256/tools/bin/../lib/gcc/arm-none-eabi/12.3.1/thumb/v6-m/nofp/crti.o
LOAD C:/ST/STM32CubeIDE_1.15.1/STM32CubeIDE/plugins/com.st.stm32cube.ide.mcu.externaltools.gnu-tools-for-stm32.12.3.rel1.win32_1.0.100.202403111256/tools/bin/../lib/gcc/arm-none-eabi/12.3.1/thumb/v6-m/nofp/crtbegin.o
LOAD C:/ST/STM32CubeIDE_1.15.1/STM32CubeIDE/plugins/com.st.stm32cube.ide.mcu.externaltools.gnu-tools-for-stm32.12.3.rel1.win32_1.0.100.202403111256/tools/bin/../lib/gcc/arm-none-eabi/12.3.1/../../../../arm-none-eabi/lib/thumb/v6-m/nofp/crt0.o
LOAD ./Core/Src/ParTest.o
LOAD ./Core/Src/main-blinky.o
LOAD ./Core/Src/main.o
LOAD ./Core/Src/stm32f0xx_hal_msp.o
LOAD ./Core/Src/stm32f0xx_it.o
LOAD ./Core/Src/syscalls.o
LOAD ./Core/Src/sysmem.o
LOAD ./Core/Src/system_stm32f0xx.o
LOAD ./Core/Startup/startup_stm32f072rbtx.o
LOAD ./Drivers/STM32F0xx_HAL_Driver/Src/stm32f0xx_hal.o
LOAD ./Drivers/STM32F0xx_HAL_Driver/Src/stm32f0xx_hal_cortex.o
LOAD ./Drivers/STM32F0xx_HAL_Driver/Src/stm32f0xx_hal_dma.o
LOAD ./Drivers/STM32F0xx_HAL_Driver/Src/stm32f0xx_hal_exti.o
LOAD ./Drivers/STM32F0xx_HAL_Driver/Src/stm32f0xx_hal_flash.o
LOAD ./Drivers/STM32F0xx_HAL_Driver/Src/stm32f0xx_hal_flash_ex.o
LOAD ./Drivers/STM32F0xx_HAL_Driver/Src/stm32f0xx_hal_gpio.o
LOAD ./Drivers/STM32F0xx_HAL_Driver/Src/stm32f0xx_hal_i2c.o
LOAD ./Drivers/STM32F0xx_HAL_Driver/Src/stm32f0xx_hal_i2c_ex.o
LOAD ./Drivers/STM32F0xx_HAL_Driver/Src/stm32f0xx_hal_pwr.o
LOAD ./Drivers/STM32F0xx_HAL_Driver/Src/stm32f0xx_hal_pwr_ex.o
LOAD ./Drivers/STM32F0xx_HAL_Driver/Src/stm32f0xx_hal_rcc.o
LOAD ./Drivers/STM32F0xx_HAL_Driver/Src/stm32f0xx_hal_rcc_ex.o
LOAD ./Drivers/STM32F0xx_HAL_Driver/Src/stm32f0xx_hal_tim.o
LOAD ./Drivers/STM32F0xx_HAL_Driver/Src/stm32f0xx_hal_tim_ex.o
LOAD ./Drivers/STM32F0xx_HAL_Driver/Src/stm32f0xx_hal_uart.o
LOAD ./Drivers/STM32F0xx_HAL_Driver/Src/stm32f0xx_hal_uart_ex.o
LOAD ./ThirdParty/FreeRTOS/croutine.o
LOAD ./ThirdParty/FreeRTOS/event_groups.o
LOAD ./ThirdParty/FreeRTOS/list.o
LOAD ./ThirdParty/FreeRTOS/queue.o
LOAD ./ThirdParty/FreeRTOS/stream_buffer.o
LOAD ./ThirdParty/FreeRTOS/tasks.o
LOAD ./ThirdParty/FreeRTOS/timers.o
LOAD ./ThirdParty/FreeRTOS/portable/GCC/ARM_CM0/port.o
LOAD ./ThirdParty/FreeRTOS/portable/MemMang/heap_4.o
START GROUP
LOAD C:/ST/STM32CubeIDE_1.15.1/STM32CubeIDE/plugins/com.st.stm32cube.ide.mcu.externaltools.gnu-tools-for-stm32.12.3.rel1.win32_1.0.100.202403111256/tools/bin/../lib/gcc/arm-none-eabi/12.3.1/../../../../arm-none-eabi/lib/thumb/v6-m/nofp\libc_nano.a
LOAD C:/ST/STM32CubeIDE_1.15.1/STM32CubeIDE/plugins/com.st.stm32cube.ide.mcu.externaltools.gnu-tools-for-stm32.12.3.rel1.win32_1.0.100.202403111256/tools/bin/../lib/gcc/arm-none-eabi/12.3.1/../../../../arm-none-eabi/lib/thumb/v6-m/nofp\libm.a
END GROUP
START GROUP
LOAD C:/ST/STM32CubeIDE_1.15.1/STM32CubeIDE/plugins/com.st.stm32cube.ide.mcu.externaltools.gnu-tools-for-stm32.12.3.rel1.win32_1.0.100.202403111256/tools/bin/../lib/gcc/arm-none-eabi/12.3.1/thumb/v6-m/nofp\libgcc.a
LOAD C:/ST/STM32CubeIDE_1.15.1/STM32CubeIDE/plugins/com.st.stm32cube.ide.mcu.externaltools.gnu-tools-for-stm32.12.3.rel1.win32_1.0.100.202403111256/tools/bin/../lib/gcc/arm-none-eabi/12.3.1/../../../../arm-none-eabi/lib/thumb/v6-m/nofp\libc_nano.a
END GROUP
START GROUP
LOAD C:/ST/STM32CubeIDE_1.15.1/STM32CubeIDE/plugins/com.st.stm32cube.ide.mcu.externaltools.gnu-tools-for-stm32.12.3.rel1.win32_1.0.100.202403111256/tools/bin/../lib/gcc/arm-none-eabi/12.3.1/thumb/v6-m/nofp\libgcc.a
LOAD C:/ST/STM32CubeIDE_1.15.1/STM32CubeIDE/plugins/com.st.stm32cube.ide.mcu.externaltools.gnu-tools-for-stm32.12.3.rel1.win32_1.0.100.202403111256/tools/bin/../lib/gcc/arm-none-eabi/12.3.1/../../../../arm-none-eabi/lib/thumb/v6-m/nofp\libc_nano.a
LOAD C:/ST/STM32CubeIDE_1.15.1/STM32CubeIDE/plugins/com.st.stm32cube.ide.mcu.externaltools.gnu-tools-for-stm32.12.3.rel1.win32_1.0.100.202403111256/tools/bin/../lib/gcc/arm-none-eabi/12.3.1/../../../../arm-none-eabi/lib/thumb/v6-m/nofp\libnosys.a
END GROUP
START GROUP
LOAD C:/ST/STM32CubeIDE_1.15.1/STM32CubeIDE/plugins/com.st.stm32cube.ide.mcu.externaltools.gnu-tools-for-stm32.12.3.rel1.win32_1.0.100.202403111256/tools/bin/../lib/gcc/arm-none-eabi/12.3.1/thumb/v6-m/nofp\libgcc.a
LOAD C:/ST/STM32CubeIDE_1.15.1/STM32CubeIDE/plugins/com.st.stm32cube.ide.mcu.externaltools.gnu-tools-for-stm32.12.3.rel1.win32_1.0.100.202403111256/tools/bin/../lib/gcc/arm-none-eabi/12.3.1/../../../../arm-none-eabi/lib/thumb/v6-m/nofp\libc_nano.a
LOAD C:/ST/STM32CubeIDE_1.15.1/STM32CubeIDE/plugins/com.st.stm32cube.ide.mcu.externaltools.gnu-tools-for-stm32.12.3.rel1.win32_1.0.100.202403111256/tools/bin/../lib/gcc/arm-none-eabi/12.3.1/../../../../arm-none-eabi/lib/thumb/v6-m/nofp\libnosys.a
END GROUP
LOAD C:/ST/STM32CubeIDE_1.15.1/STM32CubeIDE/plugins/com.st.stm32cube.ide.mcu.externaltools.gnu-tools-for-stm32.12.3.rel1.win32_1.0.100.202403111256/tools/bin/../lib/gcc/arm-none-eabi/12.3.1/thumb/v6-m/nofp/crtend.o
LOAD C:/ST/STM32CubeIDE_1.15.1/STM32CubeIDE/plugins/com.st.stm32cube.ide.mcu.externaltools.gnu-tools-for-stm32.12.3.rel1.win32_1.0.100.202403111256/tools/bin/../lib/gcc/arm-none-eabi/12.3.1/thumb/v6-m/nofp/crtn.o
                0x20004000                        _estack = (ORIGIN (RAM) + LENGTH (RAM))
                0x00000200                        _Min_Heap_Size = 0x200
                0x00000400                        _Min_Stack_Size = 0x400

.isr_vector     0x08000000       0xc0
                0x08000000                        . = ALIGN (0x4)
 *(.isr_vector)
 .isr_vector    0x08000000       0xc0 ./Core/Startup/startup_stm32f072rbtx.o
                0x08000000                g_pfnVectors
                0x080000c0                        . = ALIGN (0x4)

.text           0x080000c0     0x4960
                0x080000c0                        . = ALIGN (0x4)
 *(.text)
 .text          0x080000c0       0x48 C:/ST/STM32CubeIDE_1.15.1/STM32CubeIDE/plugins/com.st.stm32cube.ide.mcu.externaltools.gnu-tools-for-stm32.12.3.rel1.win32_1.0.100.202403111256/tools/bin/../lib/gcc/arm-none-eabi/12.3.1/thumb/v6-m/nofp/crtbegin.o
 .text          0x08000108      0x114 C:/ST/STM32CubeIDE_1.15.1/STM32CubeIDE/plugins/com.st.stm32cube.ide.mcu.externaltools.gnu-tools-for-stm32.12.3.rel1.win32_1.0.100.202403111256/tools/bin/../lib/gcc/arm-none-eabi/12.3.1/thumb/v6-m/nofp\libgcc.a(_udivsi3.o)
                0x08000108                __aeabi_uidiv
                0x08000108                __udivsi3
                0x08000214                __aeabi_uidivmod
 .text          0x0800021c        0x4 C:/ST/STM32CubeIDE_1.15.1/STM32CubeIDE/plugins/com.st.stm32cube.ide.mcu.externaltools.gnu-tools-for-stm32.12.3.rel1.win32_1.0.100.202403111256/tools/bin/../lib/gcc/arm-none-eabi/12.3.1/thumb/v6-m/nofp\libgcc.a(_dvmd_tls.o)
                0x0800021c                __aeabi_idiv0
                0x0800021c                __aeabi_ldiv0
 *(.text*)
 .text.main_blinky
                0x08000220       0x6c ./Core/Src/main-blinky.o
                0x08000220                main_blinky
 .text.prvQueueSendTask
                0x0800028c       0x4c ./Core/Src/main-blinky.o
 .text.prvQueueReceiveTask
                0x080002d8       0x44 ./Core/Src/main-blinky.o
 .text.main     0x0800031c       0x24 ./Core/Src/main.o
                0x0800031c                main
 .text.SystemClock_Config
                0x08000340       0xa6 ./Core/Src/main.o
                0x08000340                SystemClock_Config
 *fill*         0x080003e6        0x2 
 .text.MX_TIM3_Init
                0x080003e8       0xac ./Core/Src/main.o
 .text.MX_USART2_UART_Init
                0x08000494       0x60 ./Core/Src/main.o
 .text.MX_GPIO_Init
                0x080004f4       0xd4 ./Core/Src/main.o
 .text.vApplicationMallocFailedHook
                0x080005c8        0xa ./Core/Src/main.o
                0x080005c8                vApplicationMallocFailedHook
 .text.Error_Handler
                0x080005d2        0xc ./Core/Src/main.o
                0x080005d2                Error_Handler
 *fill*         0x080005de        0x2 
 .text.HAL_MspInit
                0x080005e0       0x48 ./Core/Src/stm32f0xx_hal_msp.o
                0x080005e0                HAL_MspInit
 .text.HAL_TIM_Base_MspInit
                0x08000628       0x3c ./Core/Src/stm32f0xx_hal_msp.o
                0x08000628                HAL_TIM_Base_MspInit
 .text.HAL_UART_MspInit
                0x08000664       0x98 ./Core/Src/stm32f0xx_hal_msp.o
                0x08000664                HAL_UART_MspInit
 .text.NMI_Handler
                0x080006fc        0x8 ./Core/Src/stm32f0xx_it.o
                0x080006fc                NMI_Handler
 .text.HardFault_Handler
                0x08000704        0x8 ./Core/Src/stm32f0xx_it.o
                0x08000704                HardFault_Handler
 .text.SystemInit
                0x0800070c        0xa ./Core/Src/system_stm32f0xx.o
                0x0800070c                SystemInit
 *fill*         0x08000716        0x2 
 .text.Reset_Handler
                0x08000718       0x50 ./Core/Startup/startup_stm32f072rbtx.o
                0x08000718                Reset_Handler
 .text.Default_Handler
                0x08000768        0x2 ./Core/Startup/startup_stm32f072rbtx.o
                0x08000768                TIM1_CC_IRQHandler
                0x08000768                TSC_IRQHandler
                0x08000768                ADC1_COMP_IRQHandler
                0x08000768                I2C1_IRQHandler
                0x08000768                RCC_CRS_IRQHandler
                0x08000768                SPI1_IRQHandler
                0x08000768                TIM6_DAC_IRQHandler
                0x08000768                USART3_4_IRQHandler
                0x08000768                EXTI2_3_IRQHandler
                0x08000768                I2C2_IRQHandler
                0x08000768                TIM17_IRQHandler
                0x08000768                CEC_CAN_IRQHandler
                0x08000768                RTC_IRQHandler
                0x08000768                PVD_VDDIO2_IRQHandler
                0x08000768                DMA1_Channel4_5_6_7_IRQHandler
                0x08000768                TIM16_IRQHandler
                0x08000768                TIM3_IRQHandler
                0x08000768                EXTI4_15_IRQHandler
                0x08000768                DMA1_Channel1_IRQHandler
                0x08000768                Default_Handler
                0x08000768                TIM14_IRQHandler
                0x08000768                TIM7_IRQHandler
                0x08000768                TIM15_IRQHandler
                0x08000768                EXTI0_1_IRQHandler
                0x08000768                USB_IRQHandler
                0x08000768                SPI2_IRQHandler
                0x08000768                WWDG_IRQHandler
                0x08000768                TIM2_IRQHandler
                0x08000768                DMA1_Channel2_3_IRQHandler
                0x08000768                USART2_IRQHandler
                0x08000768                FLASH_IRQHandler
                0x08000768                USART1_IRQHandler
                0x08000768                TIM1_BRK_UP_TRG_COM_IRQHandler
 *fill*         0x0800076a        0x2 
 .text.HAL_Init
                0x0800076c       0x28 ./Drivers/STM32F0xx_HAL_Driver/Src/stm32f0xx_hal.o
                0x0800076c                HAL_Init
 .text.HAL_InitTick
                0x08000794       0x68 ./Drivers/STM32F0xx_HAL_Driver/Src/stm32f0xx_hal.o
                0x08000794                HAL_InitTick
 .text.HAL_GetTick
                0x080007fc       0x14 ./Drivers/STM32F0xx_HAL_Driver/Src/stm32f0xx_hal.o
                0x080007fc                HAL_GetTick
 .text.__NVIC_SetPriority
                0x08000810       0xdc ./Drivers/STM32F0xx_HAL_Driver/Src/stm32f0xx_hal_cortex.o
 .text.SysTick_Config
                0x080008ec       0x48 ./Drivers/STM32F0xx_HAL_Driver/Src/stm32f0xx_hal_cortex.o
 .text.HAL_NVIC_SetPriority
                0x08000934       0x2a ./Drivers/STM32F0xx_HAL_Driver/Src/stm32f0xx_hal_cortex.o
                0x08000934                HAL_NVIC_SetPriority
 .text.HAL_SYSTICK_Config
                0x0800095e       0x1a ./Drivers/STM32F0xx_HAL_Driver/Src/stm32f0xx_hal_cortex.o
                0x0800095e                HAL_SYSTICK_Config
 .text.HAL_GPIO_Init
                0x08000978      0x2f0 ./Drivers/STM32F0xx_HAL_Driver/Src/stm32f0xx_hal_gpio.o
                0x08000978                HAL_GPIO_Init
 .text.HAL_GPIO_WritePin
                0x08000c68       0x3a ./Drivers/STM32F0xx_HAL_Driver/Src/stm32f0xx_hal_gpio.o
                0x08000c68                HAL_GPIO_WritePin
 .text.HAL_GPIO_TogglePin
                0x08000ca2       0x36 ./Drivers/STM32F0xx_HAL_Driver/Src/stm32f0xx_hal_gpio.o
                0x08000ca2                HAL_GPIO_TogglePin
 .text.HAL_RCC_OscConfig
                0x08000cd8      0x70c ./Drivers/STM32F0xx_HAL_Driver/Src/stm32f0xx_hal_rcc.o
                0x08000cd8                HAL_RCC_OscConfig
 .text.HAL_RCC_ClockConfig
                0x080013e4      0x1b4 ./Drivers/STM32F0xx_HAL_Driver/Src/stm32f0xx_hal_rcc.o
                0x080013e4                HAL_RCC_ClockConfig
 .text.HAL_RCC_GetSysClockFreq
                0x08001598       0xe4 ./Drivers/STM32F0xx_HAL_Driver/Src/stm32f0xx_hal_rcc.o
                0x08001598                HAL_RCC_GetSysClockFreq
 .text.HAL_RCC_GetHCLKFreq
                0x0800167c       0x14 ./Drivers/STM32F0xx_HAL_Driver/Src/stm32f0xx_hal_rcc.o
                0x0800167c                HAL_RCC_GetHCLKFreq
 .text.HAL_RCC_GetPCLK1Freq
                0x08001690       0x2c ./Drivers/STM32F0xx_HAL_Driver/Src/stm32f0xx_hal_rcc.o
                0x08001690                HAL_RCC_GetPCLK1Freq
 .text.HAL_RCCEx_PeriphCLKConfig
                0x080016bc      0x1fc ./Drivers/STM32F0xx_HAL_Driver/Src/stm32f0xx_hal_rcc_ex.o
                0x080016bc                HAL_RCCEx_PeriphCLKConfig
 .text.HAL_TIM_Base_Init
                0x080018b8       0xa0 ./Drivers/STM32F0xx_HAL_Driver/Src/stm32f0xx_hal_tim.o
                0x080018b8                HAL_TIM_Base_Init
 .text.HAL_TIM_ConfigClockSource
                0x08001958      0x1a8 ./Drivers/STM32F0xx_HAL_Driver/Src/stm32f0xx_hal_tim.o
                0x08001958                HAL_TIM_ConfigClockSource
 .text.TIM_Base_SetConfig
                0x08001b00      0x11c ./Drivers/STM32F0xx_HAL_Driver/Src/stm32f0xx_hal_tim.o
                0x08001b00                TIM_Base_SetConfig
 .text.TIM_TI1_ConfigInputStage
                0x08001c1c       0x5c ./Drivers/STM32F0xx_HAL_Driver/Src/stm32f0xx_hal_tim.o
 .text.TIM_TI2_ConfigInputStage
                0x08001c78       0x64 ./Drivers/STM32F0xx_HAL_Driver/Src/stm32f0xx_hal_tim.o
 .text.TIM_ITRx_SetConfig
                0x08001cdc       0x32 ./Drivers/STM32F0xx_HAL_Driver/Src/stm32f0xx_hal_tim.o
 *fill*         0x08001d0e        0x2 
 .text.TIM_ETR_SetConfig
                0x08001d10       0x40 ./Drivers/STM32F0xx_HAL_Driver/Src/stm32f0xx_hal_tim.o
                0x08001d10                TIM_ETR_SetConfig
 .text.HAL_TIMEx_MasterConfigSynchronization
                0x08001d50       0xbc ./Drivers/STM32F0xx_HAL_Driver/Src/stm32f0xx_hal_tim_ex.o
                0x08001d50                HAL_TIMEx_MasterConfigSynchronization
 .text.HAL_UART_Init
                0x08001e0c       0xa8 ./Drivers/STM32F0xx_HAL_Driver/Src/stm32f0xx_hal_uart.o
                0x08001e0c                HAL_UART_Init
 .text.UART_SetConfig
                0x08001eb4      0x310 ./Drivers/STM32F0xx_HAL_Driver/Src/stm32f0xx_hal_uart.o
                0x08001eb4                UART_SetConfig
 .text.UART_AdvFeatureConfig
                0x080021c4      0x168 ./Drivers/STM32F0xx_HAL_Driver/Src/stm32f0xx_hal_uart.o
                0x080021c4                UART_AdvFeatureConfig
 .text.UART_CheckIdleState
                0x0800232c      0x150 ./Drivers/STM32F0xx_HAL_Driver/Src/stm32f0xx_hal_uart.o
                0x0800232c                UART_CheckIdleState
 .text.UART_WaitOnFlagUntilTimeout
                0x0800247c       0xde ./Drivers/STM32F0xx_HAL_Driver/Src/stm32f0xx_hal_uart.o
                0x0800247c                UART_WaitOnFlagUntilTimeout
 *fill*         0x0800255a        0x2 
 .text.UART_EndRxTransfer
                0x0800255c       0xc8 ./Drivers/STM32F0xx_HAL_Driver/Src/stm32f0xx_hal_uart.o
 .text.vListInitialise
                0x08002624       0x3c ./ThirdParty/FreeRTOS/list.o
                0x08002624                vListInitialise
 .text.vListInitialiseItem
                0x08002660       0x16 ./ThirdParty/FreeRTOS/list.o
                0x08002660                vListInitialiseItem
 .text.vListInsert
                0x08002676       0x6c ./ThirdParty/FreeRTOS/list.o
                0x08002676                vListInsert
 .text.uxListRemove
                0x080026e2       0x50 ./ThirdParty/FreeRTOS/list.o
                0x080026e2                uxListRemove
 .text.xQueueGenericReset
                0x08002732      0x116 ./ThirdParty/FreeRTOS/queue.o
                0x08002732                xQueueGenericReset
 .text.xQueueGenericCreate
                0x08002848       0xbe ./ThirdParty/FreeRTOS/queue.o
                0x08002848                xQueueGenericCreate
 .text.prvInitialiseNewQueue
                0x08002906       0x4e ./ThirdParty/FreeRTOS/queue.o
 .text.xQueueGenericSend
                0x08002954      0x190 ./ThirdParty/FreeRTOS/queue.o
                0x08002954                xQueueGenericSend
 .text.xQueueReceive
                0x08002ae4      0x170 ./ThirdParty/FreeRTOS/queue.o
                0x08002ae4                xQueueReceive
 .text.prvCopyDataToQueue
                0x08002c54       0xd6 ./ThirdParty/FreeRTOS/queue.o
 .text.prvCopyDataFromQueue
                0x08002d2a       0x4c ./ThirdParty/FreeRTOS/queue.o
 .text.prvUnlockQueue
                0x08002d76       0xbc ./ThirdParty/FreeRTOS/queue.o
 .text.prvIsQueueEmpty
                0x08002e32       0x2c ./ThirdParty/FreeRTOS/queue.o
 .text.prvIsQueueFull
                0x08002e5e       0x30 ./ThirdParty/FreeRTOS/queue.o
 *fill*         0x08002e8e        0x2 
 .text.vQueueAddToRegistry
                0x08002e90       0x8c ./ThirdParty/FreeRTOS/queue.o
                0x08002e90                vQueueAddToRegistry
 .text.vQueueWaitForMessageRestricted
                0x08002f1c       0x66 ./ThirdParty/FreeRTOS/queue.o
                0x08002f1c                vQueueWaitForMessageRestricted
 .text.xTaskCreate
                0x08002f82       0x9c ./ThirdParty/FreeRTOS/tasks.o
                0x08002f82                xTaskCreate
 *fill*         0x0800301e        0x2 
 .text.prvInitialiseNewTask
                0x08003020      0x104 ./ThirdParty/FreeRTOS/tasks.o
 .text.prvAddNewTaskToReadyList
                0x08003124      0x11c ./ThirdParty/FreeRTOS/tasks.o
 .text.xTaskDelayUntil
                0x08003240       0xc0 ./ThirdParty/FreeRTOS/tasks.o
                0x08003240                xTaskDelayUntil
 .text.vTaskStartScheduler
                0x08003300       0x84 ./ThirdParty/FreeRTOS/tasks.o
                0x08003300                vTaskStartScheduler
 .text.vTaskSuspendAll
                0x08003384       0x18 ./ThirdParty/FreeRTOS/tasks.o
                0x08003384                vTaskSuspendAll
 .text.xTaskResumeAll
                0x0800339c      0x1d4 ./ThirdParty/FreeRTOS/tasks.o
                0x0800339c                xTaskResumeAll
 .text.xTaskGetTickCount
                0x08003570       0x1c ./ThirdParty/FreeRTOS/tasks.o
                0x08003570                xTaskGetTickCount
 .text.xTaskIncrementTick
                0x0800358c      0x218 ./ThirdParty/FreeRTOS/tasks.o
                0x0800358c                xTaskIncrementTick
 .text.vTaskSwitchContext
                0x080037a4       0xa4 ./ThirdParty/FreeRTOS/tasks.o
                0x080037a4                vTaskSwitchContext
 .text.vTaskPlaceOnEventList
                0x08003848       0x40 ./ThirdParty/FreeRTOS/tasks.o
                0x08003848                vTaskPlaceOnEventList
 .text.vTaskPlaceOnEventListRestricted
                0x08003888       0x80 ./ThirdParty/FreeRTOS/tasks.o
                0x08003888                vTaskPlaceOnEventListRestricted
 .text.xTaskRemoveFromEventList
                0x08003908      0x198 ./ThirdParty/FreeRTOS/tasks.o
                0x08003908                xTaskRemoveFromEventList
 .text.vTaskInternalSetTimeOutState
                0x08003aa0       0x28 ./ThirdParty/FreeRTOS/tasks.o
                0x08003aa0                vTaskInternalSetTimeOutState
 .text.xTaskCheckForTimeOut
                0x08003ac8       0xac ./ThirdParty/FreeRTOS/tasks.o
                0x08003ac8                xTaskCheckForTimeOut
 .text.vTaskMissedYield
                0x08003b74       0x14 ./ThirdParty/FreeRTOS/tasks.o
                0x08003b74                vTaskMissedYield
 .text.prvIdleTask
                0x08003b88       0x20 ./ThirdParty/FreeRTOS/tasks.o
 .text.prvInitialiseTaskLists
                0x08003ba8       0x88 ./ThirdParty/FreeRTOS/tasks.o
 .text.prvCheckTasksWaitingTermination
                0x08003c30       0x5c ./ThirdParty/FreeRTOS/tasks.o
 .text.prvDeleteTCB
                0x08003c8c       0x22 ./ThirdParty/FreeRTOS/tasks.o
 *fill*         0x08003cae        0x2 
 .text.prvResetNextTaskUnblockTime
                0x08003cb0       0x34 ./ThirdParty/FreeRTOS/tasks.o
 .text.xTaskGetSchedulerState
                0x08003ce4       0x38 ./ThirdParty/FreeRTOS/tasks.o
                0x08003ce4                xTaskGetSchedulerState
 .text.xTaskPriorityDisinherit
                0x08003d1c      0x108 ./ThirdParty/FreeRTOS/tasks.o
                0x08003d1c                xTaskPriorityDisinherit
 .text.prvAddCurrentTaskToDelayedList
                0x08003e24       0xdc ./ThirdParty/FreeRTOS/tasks.o
 .text.xTimerCreateTimerTask
                0x08003f00       0x54 ./ThirdParty/FreeRTOS/timers.o
                0x08003f00                xTimerCreateTimerTask
 .text.prvReloadTimer
                0x08003f54       0x42 ./ThirdParty/FreeRTOS/timers.o
 *fill*         0x08003f96        0x2 
 .text.prvProcessExpiredTimer
                0x08003f98       0x64 ./ThirdParty/FreeRTOS/timers.o
 .text.prvTimerTask
                0x08003ffc       0x2a ./ThirdParty/FreeRTOS/timers.o
 *fill*         0x08004026        0x2 
 .text.prvProcessTimerOrBlockTask
                0x08004028       0x90 ./ThirdParty/FreeRTOS/timers.o
 .text.prvGetNextExpireTime
                0x080040b8       0x44 ./ThirdParty/FreeRTOS/timers.o
 .text.prvSampleTimeNow
                0x080040fc       0x40 ./ThirdParty/FreeRTOS/timers.o
 .text.prvInsertTimerInActiveList
                0x0800413c       0x84 ./ThirdParty/FreeRTOS/timers.o
 .text.prvProcessReceivedCommands
                0x080041c0      0x160 ./ThirdParty/FreeRTOS/timers.o
 .text.prvSwitchTimerLists
                0x08004320       0x50 ./ThirdParty/FreeRTOS/timers.o
 .text.prvCheckForValidListAndQueue
                0x08004370       0x74 ./ThirdParty/FreeRTOS/timers.o
 .text.pxPortInitialiseStack
                0x080043e4       0x54 ./ThirdParty/FreeRTOS/portable/GCC/ARM_CM0/port.o
                0x080043e4                pxPortInitialiseStack
 .text.prvTaskExitError
                0x08004438       0x30 ./ThirdParty/FreeRTOS/portable/GCC/ARM_CM0/port.o
 .text.SVC_Handler
                0x08004468        0xa ./ThirdParty/FreeRTOS/portable/GCC/ARM_CM0/port.o
                0x08004468                SVC_Handler
 *fill*         0x08004472        0xe 
 .text.vPortStartFirstTask
                0x08004480       0x38 ./ThirdParty/FreeRTOS/portable/GCC/ARM_CM0/port.o
 .text.xPortStartScheduler
                0x080044b8       0x48 ./ThirdParty/FreeRTOS/portable/GCC/ARM_CM0/port.o
                0x080044b8                xPortStartScheduler
 .text.vPortYield
                0x08004500       0x20 ./ThirdParty/FreeRTOS/portable/GCC/ARM_CM0/port.o
                0x08004500                vPortYield
 .text.vPortEnterCritical
                0x08004520       0x24 ./ThirdParty/FreeRTOS/portable/GCC/ARM_CM0/port.o
                0x08004520                vPortEnterCritical
 .text.vPortExitCritical
                0x08004544       0x30 ./ThirdParty/FreeRTOS/portable/GCC/ARM_CM0/port.o
                0x08004544                vPortExitCritical
 .text.ulSetInterruptMaskFromISR
                0x08004574        0xc ./ThirdParty/FreeRTOS/portable/GCC/ARM_CM0/port.o
                0x08004574                ulSetInterruptMaskFromISR
 .text.vClearInterruptMaskFromISR
                0x08004580        0x8 ./ThirdParty/FreeRTOS/portable/GCC/ARM_CM0/port.o
                0x08004580                vClearInterruptMaskFromISR
 *fill*         0x08004588        0x8 
 .text.PendSV_Handler
                0x08004590       0x48 ./ThirdParty/FreeRTOS/portable/GCC/ARM_CM0/port.o
                0x08004590                PendSV_Handler
 .text.SysTick_Handler
                0x080045d8       0x34 ./ThirdParty/FreeRTOS/portable/GCC/ARM_CM0/port.o
                0x080045d8                SysTick_Handler
 .text.vPortSetupTimerInterrupt
                0x0800460c       0x34 ./ThirdParty/FreeRTOS/portable/GCC/ARM_CM0/port.o
                0x0800460c                vPortSetupTimerInterrupt
 .text.pvPortMalloc
                0x08004640      0x15c ./ThirdParty/FreeRTOS/portable/MemMang/heap_4.o
                0x08004640                pvPortMalloc
 .text.vPortFree
                0x0800479c       0x9c ./ThirdParty/FreeRTOS/portable/MemMang/heap_4.o
                0x0800479c                vPortFree
 .text.prvHeapInit
                0x08004838       0xb4 ./ThirdParty/FreeRTOS/portable/MemMang/heap_4.o
 .text.prvInsertBlockIntoFreeList
                0x080048ec       0xb0 ./ThirdParty/FreeRTOS/portable/MemMang/heap_4.o
 .text.memset   0x0800499c       0x10 C:/ST/STM32CubeIDE_1.15.1/STM32CubeIDE/plugins/com.st.stm32cube.ide.mcu.externaltools.gnu-tools-for-stm32.12.3.rel1.win32_1.0.100.202403111256/tools/bin/../lib/gcc/arm-none-eabi/12.3.1/../../../../arm-none-eabi/lib/thumb/v6-m/nofp\libc_nano.a(libc_a-memset.o)
                0x0800499c                memset
 .text.__libc_init_array
                0x080049ac       0x48 C:/ST/STM32CubeIDE_1.15.1/STM32CubeIDE/plugins/com.st.stm32cube.ide.mcu.externaltools.gnu-tools-for-stm32.12.3.rel1.win32_1.0.100.202403111256/tools/bin/../lib/gcc/arm-none-eabi/12.3.1/../../../../arm-none-eabi/lib/thumb/v6-m/nofp\libc_nano.a(libc_a-init.o)
                0x080049ac                __libc_init_array
 .text.memcpy   0x080049f4       0x12 C:/ST/STM32CubeIDE_1.15.1/STM32CubeIDE/plugins/com.st.stm32cube.ide.mcu.externaltools.gnu-tools-for-stm32.12.3.rel1.win32_1.0.100.202403111256/tools/bin/../lib/gcc/arm-none-eabi/12.3.1/../../../../arm-none-eabi/lib/thumb/v6-m/nofp\libc_nano.a(libc_a-memcpy-stub.o)
                0x080049f4                memcpy
 *(.glue_7)
 .glue_7        0x08004a06        0x0 linker stubs
 *(.glue_7t)
 .glue_7t       0x08004a06        0x0 linker stubs
 *(.eh_frame)
 *fill*         0x08004a06        0x2 
 .eh_frame      0x08004a08        0x0 C:/ST/STM32CubeIDE_1.15.1/STM32CubeIDE/plugins/com.st.stm32cube.ide.mcu.externaltools.gnu-tools-for-stm32.12.3.rel1.win32_1.0.100.202403111256/tools/bin/../lib/gcc/arm-none-eabi/12.3.1/thumb/v6-m/nofp/crtbegin.o
 *(.init)
 .init          0x08004a08        0x4 C:/ST/STM32CubeIDE_1.15.1/STM32CubeIDE/plugins/com.st.stm32cube.ide.mcu.externaltools.gnu-tools-for-stm32.12.3.rel1.win32_1.0.100.202403111256/tools/bin/../lib/gcc/arm-none-eabi/12.3.1/thumb/v6-m/nofp/crti.o
                0x08004a08                _init
 .init          0x08004a0c        0x8 C:/ST/STM32CubeIDE_1.15.1/STM32CubeIDE/plugins/com.st.stm32cube.ide.mcu.externaltools.gnu-tools-for-stm32.12.3.rel1.win32_1.0.100.202403111256/tools/bin/../lib/gcc/arm-none-eabi/12.3.1/thumb/v6-m/nofp/crtn.o
 *(.fini)
 .fini          0x08004a14        0x4 C:/ST/STM32CubeIDE_1.15.1/STM32CubeIDE/plugins/com.st.stm32cube.ide.mcu.externaltools.gnu-tools-for-stm32.12.3.rel1.win32_1.0.100.202403111256/tools/bin/../lib/gcc/arm-none-eabi/12.3.1/thumb/v6-m/nofp/crti.o
                0x08004a14                _fini
 .fini          0x08004a18        0x8 C:/ST/STM32CubeIDE_1.15.1/STM32CubeIDE/plugins/com.st.stm32cube.ide.mcu.externaltools.gnu-tools-for-stm32.12.3.rel1.win32_1.0.100.202403111256/tools/bin/../lib/gcc/arm-none-eabi/12.3.1/thumb/v6-m/nofp/crtn.o
                0x08004a20                        . = ALIGN (0x4)
                0x08004a20                        _etext = .

.vfp11_veneer   0x08004a20        0x0
 .vfp11_veneer  0x08004a20        0x0 linker stubs

.v4_bx          0x08004a20        0x0
 .v4_bx         0x08004a20        0x0 linker stubs

.iplt           0x08004a20        0x0
 .iplt          0x08004a20        0x0 C:/ST/STM32CubeIDE_1.15.1/STM32CubeIDE/plugins/com.st.stm32cube.ide.mcu.externaltools.gnu-tools-for-stm32.12.3.rel1.win32_1.0.100.202403111256/tools/bin/../lib/gcc/arm-none-eabi/12.3.1/thumb/v6-m/nofp/crtbegin.o

.rodata         0x08004a20       0x80
                0x08004a20                        . = ALIGN (0x4)
 *(.rodata)
 .rodata        0x08004a20        0x7 ./Core/Src/main-blinky.o
 *fill*         0x08004a27        0x1 
 .rodata        0x08004a28        0x5 ./ThirdParty/FreeRTOS/tasks.o
 *fill*         0x08004a2d        0x3 
 .rodata        0x08004a30        0xd ./ThirdParty/FreeRTOS/timers.o
 *(.rodata*)
 *fill*         0x08004a3d        0x3 
 .rodata.AHBPrescTable
                0x08004a40       0x10 ./Core/Src/system_stm32f0xx.o
                0x08004a40                AHBPrescTable
 .rodata.APBPrescTable
                0x08004a50        0x8 ./Core/Src/system_stm32f0xx.o
                0x08004a50                APBPrescTable
 .rodata.aPLLMULFactorTable.1
                0x08004a58       0x10 ./Drivers/STM32F0xx_HAL_Driver/Src/stm32f0xx_hal_rcc.o
 .rodata.aPredivFactorTable.0
                0x08004a68       0x10 ./Drivers/STM32F0xx_HAL_Driver/Src/stm32f0xx_hal_rcc.o
 .rodata.prvProcessReceivedCommands
                0x08004a78       0x28 ./ThirdParty/FreeRTOS/timers.o
                0x08004aa0                        . = ALIGN (0x4)

.ARM.extab      0x08004aa0        0x0
                0x08004aa0                        . = ALIGN (0x4)
 *(.ARM.extab* .gnu.linkonce.armextab.*)
                0x08004aa0                        . = ALIGN (0x4)

.ARM            0x08004aa0        0x0
                0x08004aa0                        . = ALIGN (0x4)
                0x08004aa0                        __exidx_start = .
 *(.ARM.exidx*)
                0x08004aa0                        __exidx_end = .
                0x08004aa0                        . = ALIGN (0x4)

.preinit_array  0x08004aa0        0x0
                0x08004aa0                        . = ALIGN (0x4)
                0x08004aa0                        PROVIDE (__preinit_array_start = .)
 *(.preinit_array*)
                0x08004aa0                        PROVIDE (__preinit_array_end = .)
                0x08004aa0                        . = ALIGN (0x4)

.init_array     0x08004aa0        0x4
                0x08004aa0                        . = ALIGN (0x4)
                0x08004aa0                        PROVIDE (__init_array_start = .)
 *(SORT_BY_NAME(.init_array.*))
 *(.init_array*)
 .init_array    0x08004aa0        0x4 C:/ST/STM32CubeIDE_1.15.1/STM32CubeIDE/plugins/com.st.stm32cube.ide.mcu.externaltools.gnu-tools-for-stm32.12.3.rel1.win32_1.0.100.202403111256/tools/bin/../lib/gcc/arm-none-eabi/12.3.1/thumb/v6-m/nofp/crtbegin.o
                0x08004aa4                        PROVIDE (__init_array_end = .)
                0x08004aa4                        . = ALIGN (0x4)

.fini_array     0x08004aa4        0x4
                0x08004aa4                        . = ALIGN (0x4)
                [!provide]                        PROVIDE (__fini_array_start = .)
 *(SORT_BY_NAME(.fini_array.*))
 *(.fini_array*)
 .fini_array    0x08004aa4        0x4 C:/ST/STM32CubeIDE_1.15.1/STM32CubeIDE/plugins/com.st.stm32cube.ide.mcu.externaltools.gnu-tools-for-stm32.12.3.rel1.win32_1.0.100.202403111256/tools/bin/../lib/gcc/arm-none-eabi/12.3.1/thumb/v6-m/nofp/crtbegin.o
                [!provide]                        PROVIDE (__fini_array_end = .)
                0x08004aa8                        . = ALIGN (0x4)
                0x08004aa8                        _sidata = LOADADDR (.data)

.rel.dyn        0x08004aa8        0x0
 .rel.iplt      0x08004aa8        0x0 C:/ST/STM32CubeIDE_1.15.1/STM32CubeIDE/plugins/com.st.stm32cube.ide.mcu.externaltools.gnu-tools-for-stm32.12.3.rel1.win32_1.0.100.202403111256/tools/bin/../lib/gcc/arm-none-eabi/12.3.1/thumb/v6-m/nofp/crtbegin.o

.data           0x20000000       0x14 load address 0x08004aa8
                0x20000000                        . = ALIGN (0x4)
                0x20000000                        _sdata = .
 *(.data)
 *(.data*)
 .data.SystemCoreClock
                0x20000000        0x4 ./Core/Src/system_stm32f0xx.o
                0x20000000                SystemCoreClock
 .data.uwTickPrio
                0x20000004        0x4 ./Drivers/STM32F0xx_HAL_Driver/Src/stm32f0xx_hal.o
                0x20000004                uwTickPrio
 .data.uwTickFreq
                0x20000008        0x1 ./Drivers/STM32F0xx_HAL_Driver/Src/stm32f0xx_hal.o
                0x20000008                uwTickFreq
 *fill*         0x20000009        0x3 
 .data.uxTopUsedPriority
                0x2000000c        0x4 ./ThirdParty/FreeRTOS/tasks.o
                0x2000000c                uxTopUsedPriority
 .data.uxCriticalNesting
                0x20000010        0x4 ./ThirdParty/FreeRTOS/portable/GCC/ARM_CM0/port.o
 *(.RamFunc)
 *(.RamFunc*)
                0x20000014                        . = ALIGN (0x4)
                0x20000014                        _edata = .

.igot.plt       0x20000014        0x0 load address 0x08004abc
 .igot.plt      0x20000014        0x0 C:/ST/STM32CubeIDE_1.15.1/STM32CubeIDE/plugins/com.st.stm32cube.ide.mcu.externaltools.gnu-tools-for-stm32.12.3.rel1.win32_1.0.100.202403111256/tools/bin/../lib/gcc/arm-none-eabi/12.3.1/thumb/v6-m/nofp/crtbegin.o
                0x20000014                        . = ALIGN (0x4)

.bss            0x20000014     0x1bf4 load address 0x08004abc
                0x20000014                        _sbss = .
                0x20000014                        __bss_start__ = _sbss
 *(.bss)
 .bss           0x20000014       0x1c C:/ST/STM32CubeIDE_1.15.1/STM32CubeIDE/plugins/com.st.stm32cube.ide.mcu.externaltools.gnu-tools-for-stm32.12.3.rel1.win32_1.0.100.202403111256/tools/bin/../lib/gcc/arm-none-eabi/12.3.1/thumb/v6-m/nofp/crtbegin.o
 *(.bss*)
 .bss.xQueue    0x20000030        0x4 ./Core/Src/main-blinky.o
 .bss.htim3     0x20000034       0x48 ./Core/Src/main.o
                0x20000034                htim3
 .bss.huart2    0x2000007c       0x88 ./Core/Src/main.o
                0x2000007c                huart2
 .bss.uwTick    0x20000104        0x4 ./Drivers/STM32F0xx_HAL_Driver/Src/stm32f0xx_hal.o
                0x20000104                uwTick
 .bss.xQueueRegistry
                0x20000108       0x40 ./ThirdParty/FreeRTOS/queue.o
                0x20000108                xQueueRegistry
 .bss.pxCurrentTCB
                0x20000148        0x4 ./ThirdParty/FreeRTOS/tasks.o
                0x20000148                pxCurrentTCB
 .bss.pxReadyTasksLists
                0x2000014c       0x64 ./ThirdParty/FreeRTOS/tasks.o
 .bss.xDelayedTaskList1
                0x200001b0       0x14 ./ThirdParty/FreeRTOS/tasks.o
 .bss.xDelayedTaskList2
                0x200001c4       0x14 ./ThirdParty/FreeRTOS/tasks.o
 .bss.pxDelayedTaskList
                0x200001d8        0x4 ./ThirdParty/FreeRTOS/tasks.o
 .bss.pxOverflowDelayedTaskList
                0x200001dc        0x4 ./ThirdParty/FreeRTOS/tasks.o
 .bss.xPendingReadyList
                0x200001e0       0x14 ./ThirdParty/FreeRTOS/tasks.o
 .bss.xTasksWaitingTermination
                0x200001f4       0x14 ./ThirdParty/FreeRTOS/tasks.o
 .bss.uxDeletedTasksWaitingCleanUp
                0x20000208        0x4 ./ThirdParty/FreeRTOS/tasks.o
 .bss.xSuspendedTaskList
                0x2000020c       0x14 ./ThirdParty/FreeRTOS/tasks.o
 .bss.uxCurrentNumberOfTasks
                0x20000220        0x4 ./ThirdParty/FreeRTOS/tasks.o
 .bss.xTickCount
                0x20000224        0x4 ./ThirdParty/FreeRTOS/tasks.o
 .bss.uxTopReadyPriority
                0x20000228        0x4 ./ThirdParty/FreeRTOS/tasks.o
 .bss.xSchedulerRunning
                0x2000022c        0x4 ./ThirdParty/FreeRTOS/tasks.o
 .bss.xPendedTicks
                0x20000230        0x4 ./ThirdParty/FreeRTOS/tasks.o
 .bss.xYieldPending
                0x20000234        0x4 ./ThirdParty/FreeRTOS/tasks.o
 .bss.xNumOfOverflows
                0x20000238        0x4 ./ThirdParty/FreeRTOS/tasks.o
 .bss.uxTaskNumber
                0x2000023c        0x4 ./ThirdParty/FreeRTOS/tasks.o
 .bss.xNextTaskUnblockTime
                0x20000240        0x4 ./ThirdParty/FreeRTOS/tasks.o
 .bss.xIdleTaskHandle
                0x20000244        0x4 ./ThirdParty/FreeRTOS/tasks.o
 .bss.uxSchedulerSuspended
                0x20000248        0x4 ./ThirdParty/FreeRTOS/tasks.o
 .bss.xActiveTimerList1
                0x2000024c       0x14 ./ThirdParty/FreeRTOS/timers.o
 .bss.xActiveTimerList2
                0x20000260       0x14 ./ThirdParty/FreeRTOS/timers.o
 .bss.pxCurrentTimerList
                0x20000274        0x4 ./ThirdParty/FreeRTOS/timers.o
 .bss.pxOverflowTimerList
                0x20000278        0x4 ./ThirdParty/FreeRTOS/timers.o
 .bss.xTimerQueue
                0x2000027c        0x4 ./ThirdParty/FreeRTOS/timers.o
 .bss.xTimerTaskHandle
                0x20000280        0x4 ./ThirdParty/FreeRTOS/timers.o
 .bss.xLastTime.0
                0x20000284        0x4 ./ThirdParty/FreeRTOS/timers.o
 .bss.ucHeap    0x20000288     0x1964 ./ThirdParty/FreeRTOS/portable/MemMang/heap_4.o
 .bss.xStart    0x20001bec        0x8 ./ThirdParty/FreeRTOS/portable/MemMang/heap_4.o
 .bss.pxEnd     0x20001bf4        0x4 ./ThirdParty/FreeRTOS/portable/MemMang/heap_4.o
 .bss.xFreeBytesRemaining
                0x20001bf8        0x4 ./ThirdParty/FreeRTOS/portable/MemMang/heap_4.o
 .bss.xMinimumEverFreeBytesRemaining
                0x20001bfc        0x4 ./ThirdParty/FreeRTOS/portable/MemMang/heap_4.o
 .bss.xNumberOfSuccessfulAllocations
                0x20001c00        0x4 ./ThirdParty/FreeRTOS/portable/MemMang/heap_4.o
 .bss.xNumberOfSuccessfulFrees
                0x20001c04        0x4 ./ThirdParty/FreeRTOS/portable/MemMang/heap_4.o
 *(COMMON)
                0x20001c08                        . = ALIGN (0x4)
                0x20001c08                        _ebss = .
                0x20001c08                        __bss_end__ = _ebss

._user_heap_stack
                0x20001c08      0x600 load address 0x08004abc
                0x20001c08                        . = ALIGN (0x8)
                [!provide]                        PROVIDE (end = .)
                0x20001c08                        PROVIDE (_end = .)
                0x20001e08                        . = (. + _Min_Heap_Size)
 *fill*         0x20001c08      0x200 
                0x20002208                        . = (. + _Min_Stack_Size)
 *fill*         0x20001e08      0x400 
                0x20002208                        . = ALIGN (0x8)

/DISCARD/
 libc.a(*)
 libm.a(*)
 libgcc.a(*)

.ARM.attributes
                0x00000000       0x28
 *(.ARM.attributes)
 .ARM.attributes
                0x00000000       0x1e C:/ST/STM32CubeIDE_1.15.1/STM32CubeIDE/plugins/com.st.stm32cube.ide.mcu.externaltools.gnu-tools-for-stm32.12.3.rel1.win32_1.0.100.202403111256/tools/bin/../lib/gcc/arm-none-eabi/12.3.1/thumb/v6-m/nofp/crti.o
 .ARM.attributes
                0x0000001e       0x2c C:/ST/STM32CubeIDE_1.15.1/STM32CubeIDE/plugins/com.st.stm32cube.ide.mcu.externaltools.gnu-tools-for-stm32.12.3.rel1.win32_1.0.100.202403111256/tools/bin/../lib/gcc/arm-none-eabi/12.3.1/thumb/v6-m/nofp/crtbegin.o
 .ARM.attributes
                0x0000004a       0x2c ./Core/Src/main-blinky.o
 .ARM.attributes
                0x00000076       0x2c ./Core/Src/main.o
 .ARM.attributes
                0x000000a2       0x2c ./Core/Src/stm32f0xx_hal_msp.o
 .ARM.attributes
                0x000000ce       0x2c ./Core/Src/stm32f0xx_it.o
 .ARM.attributes
                0x000000fa       0x2c ./Core/Src/system_stm32f0xx.o
 .ARM.attributes
                0x00000126       0x21 ./Core/Startup/startup_stm32f072rbtx.o
 .ARM.attributes
                0x00000147       0x2c ./Drivers/STM32F0xx_HAL_Driver/Src/stm32f0xx_hal.o
 .ARM.attributes
                0x00000173       0x2c ./Drivers/STM32F0xx_HAL_Driver/Src/stm32f0xx_hal_cortex.o
 .ARM.attributes
                0x0000019f       0x2c ./Drivers/STM32F0xx_HAL_Driver/Src/stm32f0xx_hal_gpio.o
 .ARM.attributes
                0x000001cb       0x2c ./Drivers/STM32F0xx_HAL_Driver/Src/stm32f0xx_hal_rcc.o
 .ARM.attributes
                0x000001f7       0x2c ./Drivers/STM32F0xx_HAL_Driver/Src/stm32f0xx_hal_rcc_ex.o
 .ARM.attributes
                0x00000223       0x2c ./Drivers/STM32F0xx_HAL_Driver/Src/stm32f0xx_hal_tim.o
 .ARM.attributes
                0x0000024f       0x2c ./Drivers/STM32F0xx_HAL_Driver/Src/stm32f0xx_hal_tim_ex.o
 .ARM.attributes
                0x0000027b       0x2c ./Drivers/STM32F0xx_HAL_Driver/Src/stm32f0xx_hal_uart.o
 .ARM.attributes
                0x000002a7       0x2c ./ThirdParty/FreeRTOS/list.o
 .ARM.attributes
                0x000002d3       0x2c ./ThirdParty/FreeRTOS/queue.o
 .ARM.attributes
                0x000002ff       0x2c ./ThirdParty/FreeRTOS/tasks.o
 .ARM.attributes
                0x0000032b       0x2c ./ThirdParty/FreeRTOS/timers.o
 .ARM.attributes
                0x00000357       0x2c ./ThirdParty/FreeRTOS/portable/GCC/ARM_CM0/port.o
 .ARM.attributes
                0x00000383       0x2c ./ThirdParty/FreeRTOS/portable/MemMang/heap_4.o
 .ARM.attributes
                0x000003af       0x2c C:/ST/STM32CubeIDE_1.15.1/STM32CubeIDE/plugins/com.st.stm32cube.ide.mcu.externaltools.gnu-tools-for-stm32.12.3.rel1.win32_1.0.100.202403111256/tools/bin/../lib/gcc/arm-none-eabi/12.3.1/../../../../arm-none-eabi/lib/thumb/v6-m/nofp\libc_nano.a(libc_a-memset.o)
 .ARM.attributes
                0x000003db       0x2c C:/ST/STM32CubeIDE_1.15.1/STM32CubeIDE/plugins/com.st.stm32cube.ide.mcu.externaltools.gnu-tools-for-stm32.12.3.rel1.win32_1.0.100.202403111256/tools/bin/../lib/gcc/arm-none-eabi/12.3.1/../../../../arm-none-eabi/lib/thumb/v6-m/nofp\libc_nano.a(libc_a-init.o)
 .ARM.attributes
                0x00000407       0x2c C:/ST/STM32CubeIDE_1.15.1/STM32CubeIDE/plugins/com.st.stm32cube.ide.mcu.externaltools.gnu-tools-for-stm32.12.3.rel1.win32_1.0.100.202403111256/tools/bin/../lib/gcc/arm-none-eabi/12.3.1/../../../../arm-none-eabi/lib/thumb/v6-m/nofp\libc_nano.a(libc_a-memcpy-stub.o)
 .ARM.attributes
                0x00000433       0x1e C:/ST/STM32CubeIDE_1.15.1/STM32CubeIDE/plugins/com.st.stm32cube.ide.mcu.externaltools.gnu-tools-for-stm32.12.3.rel1.win32_1.0.100.202403111256/tools/bin/../lib/gcc/arm-none-eabi/12.3.1/thumb/v6-m/nofp\libgcc.a(_udivsi3.o)
 .ARM.attributes
                0x00000451       0x1e C:/ST/STM32CubeIDE_1.15.1/STM32CubeIDE/plugins/com.st.stm32cube.ide.mcu.externaltools.gnu-tools-for-stm32.12.3.rel1.win32_1.0.100.202403111256/tools/bin/../lib/gcc/arm-none-eabi/12.3.1/thumb/v6-m/nofp\libgcc.a(_dvmd_tls.o)
 .ARM.attributes
                0x0000046f       0x1e C:/ST/STM32CubeIDE_1.15.1/STM32CubeIDE/plugins/com.st.stm32cube.ide.mcu.externaltools.gnu-tools-for-stm32.12.3.rel1.win32_1.0.100.202403111256/tools/bin/../lib/gcc/arm-none-eabi/12.3.1/thumb/v6-m/nofp/crtn.o
OUTPUT(FreeRTOSdemo.elf elf32-littlearm)
LOAD linker stubs
LOAD C:/ST/STM32CubeIDE_1.15.1/STM32CubeIDE/plugins/com.st.stm32cube.ide.mcu.externaltools.gnu-tools-for-stm32.12.3.rel1.win32_1.0.100.202403111256/tools/bin/../lib/gcc/arm-none-eabi/12.3.1/../../../../arm-none-eabi/lib/thumb/v6-m/nofp\libc.a
LOAD C:/ST/STM32CubeIDE_1.15.1/STM32CubeIDE/plugins/com.st.stm32cube.ide.mcu.externaltools.gnu-tools-for-stm32.12.3.rel1.win32_1.0.100.202403111256/tools/bin/../lib/gcc/arm-none-eabi/12.3.1/../../../../arm-none-eabi/lib/thumb/v6-m/nofp\libm.a
LOAD C:/ST/STM32CubeIDE_1.15.1/STM32CubeIDE/plugins/com.st.stm32cube.ide.mcu.externaltools.gnu-tools-for-stm32.12.3.rel1.win32_1.0.100.202403111256/tools/bin/../lib/gcc/arm-none-eabi/12.3.1/thumb/v6-m/nofp\libgcc.a

.debug_info     0x00000000    0x1044f
 .debug_info    0x00000000      0x3aa ./Core/Src/main-blinky.o
 .debug_info    0x000003aa     0x10b6 ./Core/Src/main.o
 .debug_info    0x00001460      0xc8a ./Core/Src/stm32f0xx_hal_msp.o
 .debug_info    0x000020ea       0x98 ./Core/Src/stm32f0xx_it.o
 .debug_info    0x00002182      0x242 ./Core/Src/system_stm32f0xx.o
 .debug_info    0x000023c4       0x30 ./Core/Startup/startup_stm32f072rbtx.o
 .debug_info    0x000023f4      0x6c9 ./Drivers/STM32F0xx_HAL_Driver/Src/stm32f0xx_hal.o
 .debug_info    0x00002abd      0x6c5 ./Drivers/STM32F0xx_HAL_Driver/Src/stm32f0xx_hal_cortex.o
 .debug_info    0x00003182      0x5a6 ./Drivers/STM32F0xx_HAL_Driver/Src/stm32f0xx_hal_gpio.o
 .debug_info    0x00003728      0x83f ./Drivers/STM32F0xx_HAL_Driver/Src/stm32f0xx_hal_rcc.o
 .debug_info    0x00003f67      0x61c ./Drivers/STM32F0xx_HAL_Driver/Src/stm32f0xx_hal_rcc_ex.o
 .debug_info    0x00004583     0x2950 ./Drivers/STM32F0xx_HAL_Driver/Src/stm32f0xx_hal_tim.o
 .debug_info    0x00006ed3     0x1492 ./Drivers/STM32F0xx_HAL_Driver/Src/stm32f0xx_hal_tim_ex.o
 .debug_info    0x00008365     0x3aa2 ./Drivers/STM32F0xx_HAL_Driver/Src/stm32f0xx_hal_uart.o
 .debug_info    0x0000be07      0x2af ./ThirdParty/FreeRTOS/list.o
 .debug_info    0x0000c0b6     0x128b ./ThirdParty/FreeRTOS/queue.o
 .debug_info    0x0000d341     0x1d1d ./ThirdParty/FreeRTOS/tasks.o
 .debug_info    0x0000f05e      0xcc3 ./ThirdParty/FreeRTOS/timers.o
 .debug_info    0x0000fd21      0x288 ./ThirdParty/FreeRTOS/portable/GCC/ARM_CM0/port.o
 .debug_info    0x0000ffa9      0x4a6 ./ThirdParty/FreeRTOS/portable/MemMang/heap_4.o

.debug_abbrev   0x00000000     0x2753
 .debug_abbrev  0x00000000      0x17a ./Core/Src/main-blinky.o
 .debug_abbrev  0x0000017a      0x2e8 ./Core/Src/main.o
 .debug_abbrev  0x00000462      0x1dc ./Core/Src/stm32f0xx_hal_msp.o
 .debug_abbrev  0x0000063e       0x47 ./Core/Src/stm32f0xx_it.o
 .debug_abbrev  0x00000685      0x11c ./Core/Src/system_stm32f0xx.o
 .debug_abbrev  0x000007a1       0x24 ./Core/Startup/startup_stm32f072rbtx.o
 .debug_abbrev  0x000007c5      0x213 ./Drivers/STM32F0xx_HAL_Driver/Src/stm32f0xx_hal.o
 .debug_abbrev  0x000009d8      0x28c ./Drivers/STM32F0xx_HAL_Driver/Src/stm32f0xx_hal_cortex.o
 .debug_abbrev  0x00000c64      0x1cb ./Drivers/STM32F0xx_HAL_Driver/Src/stm32f0xx_hal_gpio.o
 .debug_abbrev  0x00000e2f      0x28c ./Drivers/STM32F0xx_HAL_Driver/Src/stm32f0xx_hal_rcc.o
 .debug_abbrev  0x000010bb      0x1a6 ./Drivers/STM32F0xx_HAL_Driver/Src/stm32f0xx_hal_rcc_ex.o
 .debug_abbrev  0x00001261      0x278 ./Drivers/STM32F0xx_HAL_Driver/Src/stm32f0xx_hal_tim.o
 .debug_abbrev  0x000014d9      0x283 ./Drivers/STM32F0xx_HAL_Driver/Src/stm32f0xx_hal_tim_ex.o
 .debug_abbrev  0x0000175c      0x2cd ./Drivers/STM32F0xx_HAL_Driver/Src/stm32f0xx_hal_uart.o
 .debug_abbrev  0x00001a29       0xf5 ./ThirdParty/FreeRTOS/list.o
 .debug_abbrev  0x00001b1e      0x2c4 ./ThirdParty/FreeRTOS/queue.o
 .debug_abbrev  0x00001de2      0x31c ./ThirdParty/FreeRTOS/tasks.o
 .debug_abbrev  0x000020fe      0x2a9 ./ThirdParty/FreeRTOS/timers.o
 .debug_abbrev  0x000023a7      0x1bb ./ThirdParty/FreeRTOS/portable/GCC/ARM_CM0/port.o
 .debug_abbrev  0x00002562      0x1f1 ./ThirdParty/FreeRTOS/portable/MemMang/heap_4.o

.debug_aranges  0x00000000     0x10c8
 .debug_aranges
                0x00000000       0x30 ./Core/Src/main-blinky.o
 .debug_aranges
                0x00000030       0x68 ./Core/Src/main.o
 .debug_aranges
                0x00000098       0x40 ./Core/Src/stm32f0xx_hal_msp.o
 .debug_aranges
                0x000000d8       0x28 ./Core/Src/stm32f0xx_it.o
 .debug_aranges
                0x00000100       0x28 ./Core/Src/system_stm32f0xx.o
 .debug_aranges
                0x00000128       0x28 ./Core/Startup/startup_stm32f072rbtx.o
 .debug_aranges
                0x00000150       0xd0 ./Drivers/STM32F0xx_HAL_Driver/Src/stm32f0xx_hal.o
 .debug_aranges
                0x00000220       0xc0 ./Drivers/STM32F0xx_HAL_Driver/Src/stm32f0xx_hal_cortex.o
 .debug_aranges
                0x000002e0       0x58 ./Drivers/STM32F0xx_HAL_Driver/Src/stm32f0xx_hal_gpio.o
 .debug_aranges
                0x00000338       0x80 ./Drivers/STM32F0xx_HAL_Driver/Src/stm32f0xx_hal_rcc.o
 .debug_aranges
                0x000003b8       0x78 ./Drivers/STM32F0xx_HAL_Driver/Src/stm32f0xx_hal_rcc_ex.o
 .debug_aranges
                0x00000430      0x3d0 ./Drivers/STM32F0xx_HAL_Driver/Src/stm32f0xx_hal_tim.o
 .debug_aranges
                0x00000800      0x168 ./Drivers/STM32F0xx_HAL_Driver/Src/stm32f0xx_hal_tim_ex.o
 .debug_aranges
                0x00000968      0x228 ./Drivers/STM32F0xx_HAL_Driver/Src/stm32f0xx_hal_uart.o
 .debug_aranges
                0x00000b90       0x40 ./ThirdParty/FreeRTOS/list.o
 .debug_aranges
                0x00000bd0      0x130 ./ThirdParty/FreeRTOS/queue.o
 .debug_aranges
                0x00000d00      0x1f8 ./ThirdParty/FreeRTOS/tasks.o
 .debug_aranges
                0x00000ef8       0xe8 ./ThirdParty/FreeRTOS/timers.o
 .debug_aranges
                0x00000fe0       0x88 ./ThirdParty/FreeRTOS/portable/GCC/ARM_CM0/port.o
 .debug_aranges
                0x00001068       0x60 ./ThirdParty/FreeRTOS/portable/MemMang/heap_4.o

.debug_rnglists
                0x00000000      0xd20
 .debug_rnglists
                0x00000000       0x1f ./Core/Src/main-blinky.o
 .debug_rnglists
                0x0000001f       0x4c ./Core/Src/main.o
 .debug_rnglists
                0x0000006b       0x2c ./Core/Src/stm32f0xx_hal_msp.o
 .debug_rnglists
                0x00000097       0x19 ./Core/Src/stm32f0xx_it.o
 .debug_rnglists
                0x000000b0       0x1a ./Core/Src/system_stm32f0xx.o
 .debug_rnglists
                0x000000ca       0x19 ./Core/Startup/startup_stm32f072rbtx.o
 .debug_rnglists
                0x000000e3       0x97 ./Drivers/STM32F0xx_HAL_Driver/Src/stm32f0xx_hal.o
 .debug_rnglists
                0x0000017a       0x8c ./Drivers/STM32F0xx_HAL_Driver/Src/stm32f0xx_hal_cortex.o
 .debug_rnglists
                0x00000206       0x3f ./Drivers/STM32F0xx_HAL_Driver/Src/stm32f0xx_hal_gpio.o
 .debug_rnglists
                0x00000245       0x61 ./Drivers/STM32F0xx_HAL_Driver/Src/stm32f0xx_hal_rcc.o
 .debug_rnglists
                0x000002a6       0x5b ./Drivers/STM32F0xx_HAL_Driver/Src/stm32f0xx_hal_rcc_ex.o
 .debug_rnglists
                0x00000301      0x31c ./Drivers/STM32F0xx_HAL_Driver/Src/stm32f0xx_hal_tim.o
 .debug_rnglists
                0x0000061d      0x126 ./Drivers/STM32F0xx_HAL_Driver/Src/stm32f0xx_hal_tim_ex.o
 .debug_rnglists
                0x00000743      0x1db ./Drivers/STM32F0xx_HAL_Driver/Src/stm32f0xx_hal_uart.o
 .debug_rnglists
                0x0000091e       0x2b ./ThirdParty/FreeRTOS/list.o
 .debug_rnglists
                0x00000949       0xec ./ThirdParty/FreeRTOS/queue.o
 .debug_rnglists
                0x00000a35      0x195 ./ThirdParty/FreeRTOS/tasks.o
 .debug_rnglists
                0x00000bca       0xad ./ThirdParty/FreeRTOS/timers.o
 .debug_rnglists
                0x00000c77       0x61 ./ThirdParty/FreeRTOS/portable/GCC/ARM_CM0/port.o
 .debug_rnglists
                0x00000cd8       0x48 ./ThirdParty/FreeRTOS/portable/MemMang/heap_4.o

.debug_macro    0x00000000     0x947b
 .debug_macro   0x00000000      0x274 ./Core/Src/main-blinky.o
 .debug_macro   0x00000274       0x80 ./Core/Src/main-blinky.o
 .debug_macro   0x000002f4      0x133 ./Core/Src/main-blinky.o
 .debug_macro   0x00000427       0x2e ./Core/Src/main-blinky.o
 .debug_macro   0x00000455       0x66 ./Core/Src/main-blinky.o
 .debug_macro   0x000004bb     0x34da ./Core/Src/main-blinky.o
 .debug_macro   0x00003995       0x55 ./Core/Src/main-blinky.o
 .debug_macro   0x000039ea      0x946 ./Core/Src/main-blinky.o
 .debug_macro   0x00004330      0x5f3 ./Core/Src/main-blinky.o
 .debug_macro   0x00004923      0x1ae ./Core/Src/main-blinky.o
 .debug_macro   0x00004ad1      0x1a7 ./Core/Src/main-blinky.o
 .debug_macro   0x00004c78      0x1a7 ./Core/Src/main-blinky.o
 .debug_macro   0x00004e1f      0x22c ./Core/Src/main-blinky.o
 .debug_macro   0x0000504b       0x34 ./Core/Src/main-blinky.o
 .debug_macro   0x0000507f       0x43 ./Core/Src/main-blinky.o
 .debug_macro   0x000050c2       0x28 ./Core/Src/main-blinky.o
 .debug_macro   0x000050ea       0xb0 ./Core/Src/main-blinky.o
 .debug_macro   0x0000519a      0x217 ./Core/Src/main-blinky.o
 .debug_macro   0x000053b1      0x22c ./Core/Src/main-blinky.o
 .debug_macro   0x000055dd       0x61 ./Core/Src/main-blinky.o
 .debug_macro   0x0000563e       0xa5 ./Core/Src/main-blinky.o
 .debug_macro   0x000056e3       0x4c ./Core/Src/main-blinky.o
 .debug_macro   0x0000572f      0x16d ./Core/Src/main-blinky.o
 .debug_macro   0x0000589c      0x8f4 ./Core/Src/main-blinky.o
 .debug_macro   0x00006190       0x28 ./Core/Src/main-blinky.o
 .debug_macro   0x000061b8      0x5ba ./Core/Src/main-blinky.o
 .debug_macro   0x00006772       0x44 ./Core/Src/main-blinky.o
 .debug_macro   0x000067b6      0x130 ./Core/Src/main-blinky.o
 .debug_macro   0x000068e6      0x31c ./Core/Src/main.o
 .debug_macro   0x00006c02       0x4c ./Core/Src/main.o
 .debug_macro   0x00006c4e       0x61 ./Core/Src/main.o
 .debug_macro   0x00006caf       0x24 ./Core/Src/main.o
 .debug_macro   0x00006cd3       0x43 ./Core/Src/main.o
 .debug_macro   0x00006d16       0x34 ./Core/Src/main.o
 .debug_macro   0x00006d4a       0x16 ./Core/Src/main.o
 .debug_macro   0x00006d60       0x43 ./Core/Src/main.o
 .debug_macro   0x00006da3       0x34 ./Core/Src/main.o
 .debug_macro   0x00006dd7       0x10 ./Core/Src/main.o
 .debug_macro   0x00006de7       0x58 ./Core/Src/main.o
 .debug_macro   0x00006e3f       0x8e ./Core/Src/main.o
 .debug_macro   0x00006ecd       0x1c ./Core/Src/main.o
 .debug_macro   0x00006ee9      0x177 ./Core/Src/main.o
 .debug_macro   0x00007060      0x369 ./Core/Src/main.o
 .debug_macro   0x000073c9       0x10 ./Core/Src/main.o
 .debug_macro   0x000073d9       0x35 ./Core/Src/main.o
 .debug_macro   0x0000740e       0x20 ./Core/Src/main.o
 .debug_macro   0x0000742e      0x1d1 ./Core/Src/stm32f0xx_hal_msp.o
 .debug_macro   0x000075ff      0x1db ./Core/Src/stm32f0xx_it.o
 .debug_macro   0x000077da      0x1c2 ./Core/Src/system_stm32f0xx.o
 .debug_macro   0x0000799c      0x1e6 ./Drivers/STM32F0xx_HAL_Driver/Src/stm32f0xx_hal.o
 .debug_macro   0x00007b82      0x1c2 ./Drivers/STM32F0xx_HAL_Driver/Src/stm32f0xx_hal_cortex.o
 .debug_macro   0x00007d44      0x1c9 ./Drivers/STM32F0xx_HAL_Driver/Src/stm32f0xx_hal_gpio.o
 .debug_macro   0x00007f0d      0x1d4 ./Drivers/STM32F0xx_HAL_Driver/Src/stm32f0xx_hal_rcc.o
 .debug_macro   0x000080e1      0x1d4 ./Drivers/STM32F0xx_HAL_Driver/Src/stm32f0xx_hal_rcc_ex.o
 .debug_macro   0x000082b5      0x1c3 ./Drivers/STM32F0xx_HAL_Driver/Src/stm32f0xx_hal_tim.o
 .debug_macro   0x00008478      0x1c2 ./Drivers/STM32F0xx_HAL_Driver/Src/stm32f0xx_hal_tim_ex.o
 .debug_macro   0x0000863a      0x1df ./Drivers/STM32F0xx_HAL_Driver/Src/stm32f0xx_hal_uart.o
 .debug_macro   0x00008819      0x198 ./ThirdParty/FreeRTOS/list.o
 .debug_macro   0x000089b1      0x22f ./ThirdParty/FreeRTOS/queue.o
 .debug_macro   0x00008be0       0x16 ./ThirdParty/FreeRTOS/queue.o
 .debug_macro   0x00008bf6      0x284 ./ThirdParty/FreeRTOS/tasks.o
 .debug_macro   0x00008e7a       0x17 ./ThirdParty/FreeRTOS/tasks.o
 .debug_macro   0x00008e91      0x1e7 ./ThirdParty/FreeRTOS/timers.o
 .debug_macro   0x00009078       0x97 ./ThirdParty/FreeRTOS/timers.o
 .debug_macro   0x0000910f      0x153 ./ThirdParty/FreeRTOS/portable/GCC/ARM_CM0/port.o
 .debug_macro   0x00009262      0x219 ./ThirdParty/FreeRTOS/portable/MemMang/heap_4.o

.debug_line     0x00000000    0x13ba3
 .debug_line    0x00000000      0x971 ./Core/Src/main-blinky.o
 .debug_line    0x00000971      0xbff ./Core/Src/main.o
 .debug_line    0x00001570      0x7ef ./Core/Src/stm32f0xx_hal_msp.o
 .debug_line    0x00001d5f      0x791 ./Core/Src/stm32f0xx_it.o
 .debug_line    0x000024f0      0x7f2 ./Core/Src/system_stm32f0xx.o
 .debug_line    0x00002ce2       0x7b ./Core/Startup/startup_stm32f072rbtx.o
 .debug_line    0x00002d5d      0x9e5 ./Drivers/STM32F0xx_HAL_Driver/Src/stm32f0xx_hal.o
 .debug_line    0x00003742      0xa91 ./Drivers/STM32F0xx_HAL_Driver/Src/stm32f0xx_hal_cortex.o
 .debug_line    0x000041d3      0xb93 ./Drivers/STM32F0xx_HAL_Driver/Src/stm32f0xx_hal_gpio.o
 .debug_line    0x00004d66      0xe72 ./Drivers/STM32F0xx_HAL_Driver/Src/stm32f0xx_hal_rcc.o
 .debug_line    0x00005bd8      0xc8d ./Drivers/STM32F0xx_HAL_Driver/Src/stm32f0xx_hal_rcc_ex.o
 .debug_line    0x00006865     0x37bc ./Drivers/STM32F0xx_HAL_Driver/Src/stm32f0xx_hal_tim.o
 .debug_line    0x0000a021     0x1982 ./Drivers/STM32F0xx_HAL_Driver/Src/stm32f0xx_hal_tim_ex.o
 .debug_line    0x0000b9a3     0x2ce5 ./Drivers/STM32F0xx_HAL_Driver/Src/stm32f0xx_hal_uart.o
 .debug_line    0x0000e688      0x7af ./ThirdParty/FreeRTOS/list.o
 .debug_line    0x0000ee37     0x1426 ./ThirdParty/FreeRTOS/queue.o
 .debug_line    0x0001025d     0x1bb3 ./ThirdParty/FreeRTOS/tasks.o
 .debug_line    0x00011e10      0xc3d ./ThirdParty/FreeRTOS/timers.o
 .debug_line    0x00012a4d      0x74e ./ThirdParty/FreeRTOS/portable/GCC/ARM_CM0/port.o
 .debug_line    0x0001319b      0xa08 ./ThirdParty/FreeRTOS/portable/MemMang/heap_4.o

.debug_str      0x00000000    0xa0d0e
 .debug_str     0x00000000    0x96da0 ./Core/Src/main-blinky.o
                              0x9706f (size before relaxing)
 .debug_str     0x00096da0     0x3d9f ./Core/Src/main.o
                              0x9a580 (size before relaxing)
 .debug_str     0x0009ab3f       0x9c ./Core/Src/stm32f0xx_hal_msp.o
                              0x9238d (size before relaxing)
 .debug_str     0x0009abdb       0x4b ./Core/Src/stm32f0xx_it.o
                              0x91b41 (size before relaxing)
 .debug_str     0x0009ac26       0x8b ./Core/Src/system_stm32f0xx.o
                              0x91af1 (size before relaxing)
 .debug_str     0x0009acb1       0x44 ./Core/Startup/startup_stm32f072rbtx.o
                                 0x7b (size before relaxing)
 .debug_str     0x0009acf5      0x500 ./Drivers/STM32F0xx_HAL_Driver/Src/stm32f0xx_hal.o
                              0x920e7 (size before relaxing)
 .debug_str     0x0009b1f5      0x1be ./Drivers/STM32F0xx_HAL_Driver/Src/stm32f0xx_hal_cortex.o
                              0x91ed8 (size before relaxing)
 .debug_str     0x0009b3b3      0x100 ./Drivers/STM32F0xx_HAL_Driver/Src/stm32f0xx_hal_gpio.o
                              0x91c92 (size before relaxing)
 .debug_str     0x0009b4b3      0x21a ./Drivers/STM32F0xx_HAL_Driver/Src/stm32f0xx_hal_rcc.o
                              0x91f38 (size before relaxing)
 .debug_str     0x0009b6cd      0x2c7 ./Drivers/STM32F0xx_HAL_Driver/Src/stm32f0xx_hal_rcc_ex.o
                              0x91ef0 (size before relaxing)
 .debug_str     0x0009b994      0xe2c ./Drivers/STM32F0xx_HAL_Driver/Src/stm32f0xx_hal_tim.o
                              0x92f07 (size before relaxing)
 .debug_str     0x0009c7c0      0x493 ./Drivers/STM32F0xx_HAL_Driver/Src/stm32f0xx_hal_tim_ex.o
                              0x92713 (size before relaxing)
 .debug_str     0x0009cc53      0x893 ./Drivers/STM32F0xx_HAL_Driver/Src/stm32f0xx_hal_uart.o
                              0x92855 (size before relaxing)
 .debug_str     0x0009d4e6      0x253 ./ThirdParty/FreeRTOS/list.o
                               0xacda (size before relaxing)
 .debug_str     0x0009d739      0xc47 ./ThirdParty/FreeRTOS/queue.o
                               0xd397 (size before relaxing)
 .debug_str     0x0009e380     0x1a22 ./ThirdParty/FreeRTOS/tasks.o
                               0xdd41 (size before relaxing)
 .debug_str     0x0009fda2      0x544 ./ThirdParty/FreeRTOS/timers.o
                               0xd545 (size before relaxing)
 .debug_str     0x000a02e6      0x451 ./ThirdParty/FreeRTOS/portable/GCC/ARM_CM0/port.o
                               0x9172 (size before relaxing)
 .debug_str     0x000a0737      0x5d7 ./ThirdParty/FreeRTOS/portable/MemMang/heap_4.o
                               0xc502 (size before relaxing)

.comment        0x00000000       0x43
 .comment       0x00000000       0x43 ./Core/Src/main-blinky.o
                                 0x44 (size before relaxing)
 .comment       0x00000043       0x44 ./Core/Src/main.o
 .comment       0x00000043       0x44 ./Core/Src/stm32f0xx_hal_msp.o
 .comment       0x00000043       0x44 ./Core/Src/stm32f0xx_it.o
 .comment       0x00000043       0x44 ./Core/Src/system_stm32f0xx.o
 .comment       0x00000043       0x44 ./Drivers/STM32F0xx_HAL_Driver/Src/stm32f0xx_hal.o
 .comment       0x00000043       0x44 ./Drivers/STM32F0xx_HAL_Driver/Src/stm32f0xx_hal_cortex.o
 .comment       0x00000043       0x44 ./Drivers/STM32F0xx_HAL_Driver/Src/stm32f0xx_hal_gpio.o
 .comment       0x00000043       0x44 ./Drivers/STM32F0xx_HAL_Driver/Src/stm32f0xx_hal_rcc.o
 .comment       0x00000043       0x44 ./Drivers/STM32F0xx_HAL_Driver/Src/stm32f0xx_hal_rcc_ex.o
 .comment       0x00000043       0x44 ./Drivers/STM32F0xx_HAL_Driver/Src/stm32f0xx_hal_tim.o
 .comment       0x00000043       0x44 ./Drivers/STM32F0xx_HAL_Driver/Src/stm32f0xx_hal_tim_ex.o
 .comment       0x00000043       0x44 ./Drivers/STM32F0xx_HAL_Driver/Src/stm32f0xx_hal_uart.o
 .comment       0x00000043       0x44 ./ThirdParty/FreeRTOS/list.o
 .comment       0x00000043       0x44 ./ThirdParty/FreeRTOS/queue.o
 .comment       0x00000043       0x44 ./ThirdParty/FreeRTOS/tasks.o
 .comment       0x00000043       0x44 ./ThirdParty/FreeRTOS/timers.o
 .comment       0x00000043       0x44 ./ThirdParty/FreeRTOS/portable/GCC/ARM_CM0/port.o
 .comment       0x00000043       0x44 ./ThirdParty/FreeRTOS/portable/MemMang/heap_4.o

.debug_frame    0x00000000     0x3c1c
 .debug_frame   0x00000000       0x70 ./Core/Src/main-blinky.o
 .debug_frame   0x00000070      0x138 ./Core/Src/main.o
 .debug_frame   0x000001a8       0xb0 ./Core/Src/stm32f0xx_hal_msp.o
 .debug_frame   0x00000258       0x48 ./Core/Src/stm32f0xx_it.o
 .debug_frame   0x000002a0       0x4c ./Core/Src/system_stm32f0xx.o
 .debug_frame   0x000002ec      0x2a4 ./Drivers/STM32F0xx_HAL_Driver/Src/stm32f0xx_hal.o
 .debug_frame   0x00000590      0x2a0 ./Drivers/STM32F0xx_HAL_Driver/Src/stm32f0xx_hal_cortex.o
 .debug_frame   0x00000830      0x110 ./Drivers/STM32F0xx_HAL_Driver/Src/stm32f0xx_hal_gpio.o
 .debug_frame   0x00000940      0x198 ./Drivers/STM32F0xx_HAL_Driver/Src/stm32f0xx_hal_rcc.o
 .debug_frame   0x00000ad8      0x180 ./Drivers/STM32F0xx_HAL_Driver/Src/stm32f0xx_hal_rcc_ex.o
 .debug_frame   0x00000c58      0xf00 ./Drivers/STM32F0xx_HAL_Driver/Src/stm32f0xx_hal_tim.o
 .debug_frame   0x00001b58      0x560 ./Drivers/STM32F0xx_HAL_Driver/Src/stm32f0xx_hal_tim_ex.o
 .debug_frame   0x000020b8      0x850 ./Drivers/STM32F0xx_HAL_Driver/Src/stm32f0xx_hal_uart.o
 .debug_frame   0x00002908       0xb0 ./ThirdParty/FreeRTOS/list.o
 .debug_frame   0x000029b8      0x478 ./ThirdParty/FreeRTOS/queue.o
 .debug_frame   0x00002e30      0x778 ./ThirdParty/FreeRTOS/tasks.o
 .debug_frame   0x000035a8      0x348 ./ThirdParty/FreeRTOS/timers.o
 .debug_frame   0x000038f0      0x174 ./ThirdParty/FreeRTOS/portable/GCC/ARM_CM0/port.o
 .debug_frame   0x00003a64      0x124 ./ThirdParty/FreeRTOS/portable/MemMang/heap_4.o
 .debug_frame   0x00003b88       0x20 C:/ST/STM32CubeIDE_1.15.1/STM32CubeIDE/plugins/com.st.stm32cube.ide.mcu.externaltools.gnu-tools-for-stm32.12.3.rel1.win32_1.0.100.202403111256/tools/bin/../lib/gcc/arm-none-eabi/12.3.1/../../../../arm-none-eabi/lib/thumb/v6-m/nofp\libc_nano.a(libc_a-memset.o)
 .debug_frame   0x00003ba8       0x2c C:/ST/STM32CubeIDE_1.15.1/STM32CubeIDE/plugins/com.st.stm32cube.ide.mcu.externaltools.gnu-tools-for-stm32.12.3.rel1.win32_1.0.100.202403111256/tools/bin/../lib/gcc/arm-none-eabi/12.3.1/../../../../arm-none-eabi/lib/thumb/v6-m/nofp\libc_nano.a(libc_a-init.o)
 .debug_frame   0x00003bd4       0x28 C:/ST/STM32CubeIDE_1.15.1/STM32CubeIDE/plugins/com.st.stm32cube.ide.mcu.externaltools.gnu-tools-for-stm32.12.3.rel1.win32_1.0.100.202403111256/tools/bin/../lib/gcc/arm-none-eabi/12.3.1/../../../../arm-none-eabi/lib/thumb/v6-m/nofp\libc_nano.a(libc_a-memcpy-stub.o)
 .debug_frame   0x00003bfc       0x20 C:/ST/STM32CubeIDE_1.15.1/STM32CubeIDE/plugins/com.st.stm32cube.ide.mcu.externaltools.gnu-tools-for-stm32.12.3.rel1.win32_1.0.100.202403111256/tools/bin/../lib/gcc/arm-none-eabi/12.3.1/thumb/v6-m/nofp\libgcc.a(_udivsi3.o)

.debug_line_str
                0x00000000       0x5f
 .debug_line_str
                0x00000000       0x5f ./Core/Startup/startup_stm32f072rbtx.o
