../Core/Src/main.c:91:5:main	8	static
../Core/Src/main.c:155:6:SystemClock_Config	112	static
../Core/Src/main.c:197:13:MX_TIM3_Init	32	static
../Core/Src/main.c:242:13:MX_USART2_UART_Init	8	static
../Core/Src/main.c:277:13:MX_GPIO_Init	48	static
../Core/Src/main.c:311:6:vApplicationMallocFailedHook	8	static,ignoring_inline_asm
../Core/Src/main.c:328:6:vApplicationIdleHook	8	static
../Core/Src/main.c:342:6:vApplicationStackOverflowHook	16	static,ignoring_inline_asm
../Core/Src/main.c:355:6:vApplicationTickHook	8	static
../Core/Src/main.c:371:6:Error_Handler	8	static,ignoring_inline_asm
